../Core/Src/main_tx.c:110:13:UART_Print	16	static
../Core/Src/main_tx.c:115:13:UART_Printf	16	static
../Core/Src/main_tx.c:124:20:HAL_Status_String	16	static
../Core/Src/main_tx.c:136:20:Can_Result_String	4	static
../Core/Src/main_tx.c:144:14:Read_Temperature_C	16	static
../Core/Src/main_tx.c:161:16:Build_Fault_Flags	32	static
../Core/Src/main_tx.c:171:13:Update_Outputs	16	static
../Core/Src/main_tx.c:187:13:Abort_All_CAN_Tx_Mailboxes	8	static
../Core/Src/main_tx.c:195:13:Send_Battery_Frame	40	static
../Core/Src/main_tx.c:266:13:UART_Print_TX_Debug	48	static
../Core/Src/main_tx.c:317:5:main	8	static
../Core/Src/main_tx.c:374:6:SystemClock_Config	88	static
../Core/Src/main_tx.c:413:13:MX_ADC1_Init	24	static
../Core/Src/main_tx.c:450:13:MX_CAN1_Init	8	static
../Core/Src/main_tx.c:471:13:MX_I2C1_Init	8	static
../Core/Src/main_tx.c:491:13:MX_USART2_UART_Init	8	static
../Core/Src/main_tx.c:513:13:MX_GPIO_Init	48	static
../Core/Src/main_tx.c:535:6:Error_Handler	4	static,ignoring_inline_asm
