../Core/Src/main_rx.c:97:13:UART_Print	1
../Core/Src/main_rx.c:102:13:UART_Printf	1
../Core/Src/main_rx.c:111:20:HAL_Status_String	5
../Core/Src/main_rx.c:123:13:Configure_CAN_Filter	2
../Core/Src/main_rx.c:145:13:Build_Fault_Text	6
../Core/Src/main_rx.c:160:13:Update_Counter_Check	3
../Core/Src/main_rx.c:183:13:Print_Rx_Diagnostics_Line_By_Line	8
../Core/Src/main_rx.c:223:13:Decode_And_Print_Frame	7
../Core/Src/main_rx.c:276:13:Print_Waiting_Status_If_Timeout	3
../Core/Src/main_rx.c:303:5:main	2
../Core/Src/main_rx.c:348:6:SystemClock_Config	3
../Core/Src/main_rx.c:387:13:MX_CAN1_Init	2
../Core/Src/main_rx.c:413:13:MX_USART2_UART_Init	2
../Core/Src/main_rx.c:435:13:MX_GPIO_Init	1
../Core/Src/main_rx.c:457:6:Error_Handler	1
