../Core/Src/main_rx.c:97:13:UART_Print	16	static
../Core/Src/main_rx.c:102:13:Configure_CAN_Filter	8	static
../Core/Src/main_rx.c:121:13:Decode_And_Print_JSON	200	static
../Core/Src/main_rx.c:206:13:Print_Status_JSON_If_Timeout	48	static
../Core/Src/main_rx.c:242:5:main	16	static
../Core/Src/main_rx.c:303:6:SystemClock_Config	88	static
../Core/Src/main_rx.c:342:13:MX_CAN1_Init	8	static
../Core/Src/main_rx.c:368:13:MX_USART2_UART_Init	8	static
../Core/Src/main_rx.c:390:13:MX_GPIO_Init	48	static
../Core/Src/main_rx.c:412:6:Error_Handler	8	static,ignoring_inline_asm
