../Core/Src/can_tx_corrected_main.c:73:14:Read_Battery_Voltage	24	static
../Core/Src/can_tx_corrected_main.c:107:5:main	16	static
../Core/Src/can_tx_corrected_main.c:199:6:SystemClock_Config	88	static
../Core/Src/can_tx_corrected_main.c:238:13:MX_ADC1_Init	24	static
../Core/Src/can_tx_corrected_main.c:275:13:MX_CAN1_Init	8	static
../Core/Src/can_tx_corrected_main.c:301:13:MX_USART2_UART_Init	8	static
../Core/Src/can_tx_corrected_main.c:323:13:MX_GPIO_Init	48	static
../Core/Src/can_tx_corrected_main.c:345:6:Error_Handler	4	static,ignoring_inline_asm
