../Core/Src/main.c:107:16:To_Scaled_100	2
../Core/Src/main.c:119:16:To_Scaled_1000	2
../Core/Src/main.c:131:13:Append_Fixed_2	2
../Core/Src/main.c:147:13:Append_Fixed_3	2
../Core/Src/main.c:163:20:HAL_Status_String	5
../Core/Src/main.c:175:14:Read_Temperature_C	4
../Core/Src/main.c:207:16:Build_Fault_Flags	5
../Core/Src/main.c:234:13:Update_Outputs	2
../Core/Src/main.c:250:13:UART_Print_TX_Debug	7
../Core/Src/main.c:303:13:Send_Battery_Frame	4
../Core/Src/main.c:329:5:main	1
../Core/Src/main.c:394:6:SystemClock_Config	3
../Core/Src/main.c:433:13:MX_ADC1_Init	3
../Core/Src/main.c:470:13:MX_CAN1_Init	2
../Core/Src/main.c:491:13:MX_I2C1_Init	2
../Core/Src/main.c:511:13:MX_USART2_UART_Init	2
../Core/Src/main.c:533:13:MX_GPIO_Init	1
../Core/Src/main.c:555:6:Error_Handler	1
