../Core/Src/main.c:107:16:To_Scaled_100	16	static
../Core/Src/main.c:119:16:To_Scaled_1000	16	static
../Core/Src/main.c:131:13:Append_Fixed_2	64	static
../Core/Src/main.c:147:13:Append_Fixed_3	64	static
../Core/Src/main.c:163:20:HAL_Status_String	16	static
../Core/Src/main.c:175:14:Read_Temperature_C	16	static
../Core/Src/main.c:207:16:Build_Fault_Flags	32	static
../Core/Src/main.c:234:13:Update_Outputs	16	static
../Core/Src/main.c:250:13:UART_Print_TX_Debug	96	static
../Core/Src/main.c:303:13:Send_Battery_Frame	32	static
../Core/Src/main.c:329:5:main	8	static
../Core/Src/main.c:394:6:SystemClock_Config	88	static
../Core/Src/main.c:433:13:MX_ADC1_Init	24	static
../Core/Src/main.c:470:13:MX_CAN1_Init	8	static
../Core/Src/main.c:491:13:MX_I2C1_Init	8	static
../Core/Src/main.c:511:13:MX_USART2_UART_Init	8	static
../Core/Src/main.c:533:13:MX_GPIO_Init	48	static
../Core/Src/main.c:555:6:Error_Handler	4	static,ignoring_inline_asm
